#
# There is insufficient memory for the Java Runtime Environment to continue.
# Native memory allocation (malloc) failed to allocate 1873888 bytes. Error detail: Chunk::new
# Possible reasons:
#   The system is out of physical RAM or swap space
#   This process is running with CompressedOops enabled, and the Java Heap may be blocking the growth of the native heap
# Possible solutions:
#   Reduce memory load on the system
#   Increase physical memory or swap space
#   Check if swap backing store is full
#   Decrease Java heap size (-Xmx/-Xms)
#   Decrease number of Java threads
#   Decrease Java thread stack sizes (-Xss)
#   Set larger code cache with -XX:ReservedCodeCacheSize=
#   JVM is running with Unscaled Compressed Oops mode in which the Java heap is
#     placed in the first 4GB address space. The Java Heap base address is the
#     maximum limit for the native heap growth. Please use -XX:HeapBaseMinAddress
#     to set the Java Heap base and to place the Java Heap above 4GB virtual address.
# This output file may be truncated or incomplete.
#
#  Out of Memory Error (arena.cpp:168), pid=23592, tid=16760
#
# JRE version: OpenJDK Runtime Environment Temurin-21.0.10+7 (21.0.10+7) (build 21.0.10+7-LTS)
# Java VM: OpenJDK 64-Bit Server VM Temurin-21.0.10+7 (21.0.10+7-LTS, mixed mode, sharing, tiered, compressed oops, compressed class ptrs, parallel gc, windows-amd64)
# No core dump will be written. Minidumps are not enabled by default on client versions of Windows
#

---------------  S U M M A R Y ------------

Command Line: --add-modules=ALL-SYSTEM --add-opens=java.base/java.util=ALL-UNNAMED --add-opens=java.base/java.lang=ALL-UNNAMED --add-opens=java.base/sun.nio.fs=ALL-UNNAMED -Declipse.application=org.eclipse.jdt.ls.core.id1 -Dosgi.bundles.defaultStartLevel=4 -Declipse.product=org.eclipse.jdt.ls.core.product -Djava.import.generatesMetadataFilesAtProjectRoot=false -DDetectVMInstallationsJob.disabled=true -Dfile.encoding=utf8 -XX:+UseParallelGC -XX:GCTimeRatio=4 -XX:AdaptiveSizePolicyWeight=90 -Dsun.zip.disableMemoryMapping=true -Xmx2G -Xms100m -Xlog:disable -javaagent:c:\Users\PcCris\.vscode\extensions\redhat.java-1.54.0-win32-x64\lombok\lombok-1.18.39-4050.jar c:\Users\PcCris\.vscode\extensions\redhat.java-1.54.0-win32-x64\server\plugins\org.eclipse.equinox.launcher_1.7.100.v20251111-0406.jar -configuration c:\Users\PcCris\AppData\Roaming\Code\User\globalStorage\redhat.java\1.54.0\config_ss_win -data c:\Users\PcCris\AppData\Roaming\Code\User\workspaceStorage\10d2d1e0f4b56eee1d987ae9d15dc0c3\redhat.java\ss_ws --pipe=\\.\pipe\lsp-48d83be3f479d820fc506eef62ccfe26-sock

Host: 13th Gen Intel(R) Core(TM) i5-13420H, 12 cores, 7G,  Windows 11 , 64 bit Build 26100 (10.0.26100.8328)
Time: Mon May 25 21:30:34 2026 Hora est. Sudamérica Pacífico elapsed time: 17.855436 seconds (0d 0h 0m 17s)

---------------  T H R E A D  ---------------

Current thread (0x0000020f8622af00):  JavaThread "C2 CompilerThread0" daemon [_thread_in_native, id=16760, stack(0x0000005743700000,0x0000005743800000) (1024K)]


Current CompileTask:
C2:17855 6014   !   4       org.eclipse.osgi.internal.loader.BundleLoader::findClass0 (490 bytes)

Stack: [0x0000005743700000,0x0000005743800000]
Native frames: (J=compiled Java code, j=interpreted, Vv=VM code, C=native code)
V  [jvm.dll+0x6d7a39]
V  [jvm.dll+0x8b4b26]
V  [jvm.dll+0x8b70de]
V  [jvm.dll+0x8b77c3]
V  [jvm.dll+0x284346]
V  [jvm.dll+0xc66ed]
V  [jvm.dll+0xc6c31]
V  [jvm.dll+0x3bec3b]
V  [jvm.dll+0x1e3f69]
V  [jvm.dll+0x24c6b3]
V  [jvm.dll+0x24bb40]
V  [jvm.dll+0x1cb34e]
V  [jvm.dll+0x25b85d]
V  [jvm.dll+0x259dea]
V  [jvm.dll+0x3f857e]
V  [jvm.dll+0x85f59d]
V  [jvm.dll+0x6d626d]
C  [ucrtbase.dll+0x37b0]
C  [KERNEL32.DLL+0x2e957]
C  [ntdll.dll+0x427c]


---------------  P R O C E S S  ---------------

Threads class SMR info:
_java_thread_list=0x0000020f8bfc8ac0, length=42, elements={
0x0000020f2c94b7f0, 0x0000020f862144b0, 0x0000020f2c8fdac0, 0x0000020f8621b050,
0x0000020f8621bd30, 0x0000020f8621d4b0, 0x0000020f862210d0, 0x0000020f8622af00,
0x0000020f86251df0, 0x0000020f86485b40, 0x0000020f864d0d70, 0x0000020f86cfff60,
0x0000020f86dce6f0, 0x0000020f86dd78b0, 0x0000020f8b0c8b30, 0x0000020f8b17d270,
0x0000020f8b2e76b0, 0x0000020f8b29eca0, 0x0000020f8b3c40b0, 0x0000020f8b3c0c30,
0x0000020f8b3c12c0, 0x0000020f8b3c2670, 0x0000020f8b3c3a20, 0x0000020f8b3c1950,
0x0000020f8b3c2d00, 0x0000020f8b3c1fe0, 0x0000020f8b3c3390, 0x0000020f8b3f5fd0,
0x0000020f8b3f6660, 0x0000020f8b3f4c20, 0x0000020f8b3f52b0, 0x0000020f8b3f5940,
0x0000020f8b3f3f00, 0x0000020f8b3f4590, 0x0000020f8b3f6cf0, 0x0000020f8b3f3870,
0x0000020f8b3fa170, 0x0000020f8b3f9ae0, 0x0000020f8b3f9450, 0x0000020f8b3f7380,
0x0000020f8b3f8dc0, 0x0000020f8b3fa800
}

Java Threads: ( => current thread )
  0x0000020f2c94b7f0 JavaThread "main"                              [_thread_blocked, id=23800, stack(0x0000005742d00000,0x0000005742e00000) (1024K)]
  0x0000020f862144b0 JavaThread "Reference Handler"          daemon [_thread_blocked, id=7636, stack(0x0000005743100000,0x0000005743200000) (1024K)]
  0x0000020f2c8fdac0 JavaThread "Finalizer"                  daemon [_thread_blocked, id=23808, stack(0x0000005743200000,0x0000005743300000) (1024K)]
  0x0000020f8621b050 JavaThread "Signal Dispatcher"          daemon [_thread_blocked, id=23844, stack(0x0000005743300000,0x0000005743400000) (1024K)]
  0x0000020f8621bd30 JavaThread "Attach Listener"            daemon [_thread_blocked, id=23820, stack(0x0000005743400000,0x0000005743500000) (1024K)]
  0x0000020f8621d4b0 JavaThread "Service Thread"             daemon [_thread_blocked, id=23840, stack(0x0000005743500000,0x0000005743600000) (1024K)]
  0x0000020f862210d0 JavaThread "Monitor Deflation Thread"   daemon [_thread_blocked, id=23848, stack(0x0000005743600000,0x0000005743700000) (1024K)]
=>0x0000020f8622af00 JavaThread "C2 CompilerThread0"         daemon [_thread_in_native, id=16760, stack(0x0000005743700000,0x0000005743800000) (1024K)]
  0x0000020f86251df0 JavaThread "C1 CompilerThread0"         daemon [_thread_blocked, id=23672, stack(0x0000005743800000,0x0000005743900000) (1024K)]
  0x0000020f86485b40 JavaThread "Common-Cleaner"             daemon [_thread_blocked, id=24020, stack(0x0000005743a00000,0x0000005743b00000) (1024K)]
  0x0000020f864d0d70 JavaThread "Notification Thread"        daemon [_thread_blocked, id=23852, stack(0x0000005743b00000,0x0000005743c00000) (1024K)]
  0x0000020f86cfff60 JavaThread "Active Thread: Equinox Container: adcb4312-9204-4a5f-8c32-231bbe13aa00"        [_thread_blocked, id=14216, stack(0x0000005744200000,0x0000005744300000) (1024K)]
  0x0000020f86dce6f0 JavaThread "Framework Event Dispatcher: Equinox Container: adcb4312-9204-4a5f-8c32-231bbe13aa00" daemon [_thread_blocked, id=13816, stack(0x0000005744300000,0x0000005744400000) (1024K)]
  0x0000020f86dd78b0 JavaThread "Start Level: Equinox Container: adcb4312-9204-4a5f-8c32-231bbe13aa00" daemon [_thread_blocked, id=11812, stack(0x0000005744400000,0x0000005744500000) (1024K)]
  0x0000020f8b0c8b30 JavaThread "SCR Component Actor"        daemon [_thread_blocked, id=7288, stack(0x0000005744600000,0x0000005744700000) (1024K)]
  0x0000020f8b17d270 JavaThread "Worker-JM"                         [_thread_blocked, id=11600, stack(0x0000005744700000,0x0000005744800000) (1024K)]
  0x0000020f8b2e76b0 JavaThread "JNA Cleaner"                daemon [_thread_blocked, id=21820, stack(0x0000005743900000,0x0000005743a00000) (1024K)]
  0x0000020f8b29eca0 JavaThread "Worker-0"                          [_thread_blocked, id=24416, stack(0x0000005744a00000,0x0000005744b00000) (1024K)]
  0x0000020f8b3c40b0 JavaThread "Worker-1"                          [_thread_blocked, id=24420, stack(0x0000005744b00000,0x0000005744c00000) (1024K)]
  0x0000020f8b3c0c30 JavaThread "Thread-1"                   daemon [_thread_in_native, id=13476, stack(0x0000005744f00000,0x0000005745000000) (1024K)]
  0x0000020f8b3c12c0 JavaThread "Thread-2"                   daemon [_thread_in_native, id=13600, stack(0x0000005745000000,0x0000005745100000) (1024K)]
  0x0000020f8b3c2670 JavaThread "Thread-3"                   daemon [_thread_in_native, id=12776, stack(0x0000005745100000,0x0000005745200000) (1024K)]
  0x0000020f8b3c3a20 JavaThread "Thread-4"                   daemon [_thread_in_native, id=16972, stack(0x0000005745200000,0x0000005745300000) (1024K)]
  0x0000020f8b3c1950 JavaThread "Thread-5"                   daemon [_thread_in_native, id=19308, stack(0x0000005745300000,0x0000005745400000) (1024K)]
  0x0000020f8b3c2d00 JavaThread "Thread-6"                   daemon [_thread_in_native, id=6648, stack(0x0000005745400000,0x0000005745500000) (1024K)]
  0x0000020f8b3c1fe0 JavaThread "Thread-7"                   daemon [_thread_in_native, id=4324, stack(0x0000005745500000,0x0000005745600000) (1024K)]
  0x0000020f8b3c3390 JavaThread "Thread-8"                   daemon [_thread_in_native, id=19668, stack(0x0000005745600000,0x0000005745700000) (1024K)]
  0x0000020f8b3f5fd0 JavaThread "Thread-9"                   daemon [_thread_in_native, id=16408, stack(0x0000005745700000,0x0000005745800000) (1024K)]
  0x0000020f8b3f6660 JavaThread "Thread-10"                  daemon [_thread_in_native, id=21264, stack(0x0000005745800000,0x0000005745900000) (1024K)]
  0x0000020f8b3f4c20 JavaThread "Thread-11"                  daemon [_thread_in_native, id=19812, stack(0x0000005745900000,0x0000005745a00000) (1024K)]
  0x0000020f8b3f52b0 JavaThread "Thread-12"                  daemon [_thread_in_native, id=2232, stack(0x0000005745a00000,0x0000005745b00000) (1024K)]
  0x0000020f8b3f5940 JavaThread "Thread-13"                  daemon [_thread_in_native, id=23596, stack(0x0000005745b00000,0x0000005745c00000) (1024K)]
  0x0000020f8b3f3f00 JavaThread "pool-2-thread-1"                   [_thread_blocked, id=18176, stack(0x0000005745c00000,0x0000005745d00000) (1024K)]
  0x0000020f8b3f4590 JavaThread "Worker-2"                          [_thread_blocked, id=23568, stack(0x0000005745d00000,0x0000005745e00000) (1024K)]
  0x0000020f8b3f6cf0 JavaThread "WorkspaceEventsHandler"            [_thread_blocked, id=23828, stack(0x0000005745e00000,0x0000005745f00000) (1024K)]
  0x0000020f8b3f3870 JavaThread "pool-1-thread-1"                   [_thread_blocked, id=23912, stack(0x0000005745f00000,0x0000005746000000) (1024K)]
  0x0000020f8b3fa170 JavaThread "ForkJoinPool.commonPool-worker-1" daemon [_thread_blocked, id=23628, stack(0x0000005746000000,0x0000005746100000) (1024K)]
  0x0000020f8b3f9ae0 JavaThread "ForkJoinPool.commonPool-worker-2" daemon [_thread_blocked, id=23616, stack(0x0000005746100000,0x0000005746200000) (1024K)]
  0x0000020f8b3f9450 JavaThread "Compiler Source File Reader" daemon [_thread_blocked, id=23916, stack(0x0000005746200000,0x0000005746300000) (1024K)]
  0x0000020f8b3f7380 JavaThread "Compiler Processing Task"   daemon [_thread_blocked, id=23804, stack(0x0000005746300000,0x0000005746400000) (1024K)]
  0x0000020f8b3f8dc0 JavaThread "ForkJoinPool.commonPool-worker-3" daemon [_thread_blocked, id=24036, stack(0x0000005746400000,0x0000005746500000) (1024K)]
  0x0000020f8b3fa800 JavaThread "ForkJoinPool.commonPool-worker-4" daemon [_thread_blocked, id=24040, stack(0x0000005746500000,0x0000005746600000) (1024K)]
Total: 42

Other Threads:
  0x0000020f2ca0eb30 VMThread "VM Thread"                           [id=23796, stack(0x0000005743000000,0x0000005743100000) (1024K)]
  0x0000020f2c7dca00 WatcherThread "VM Periodic Task Thread"        [id=11296, stack(0x0000005742f00000,0x0000005743000000) (1024K)]
  0x0000020f2c96ab80 WorkerThread "GC Thread#0"                     [id=23604, stack(0x0000005742e00000,0x0000005742f00000) (1024K)]
  0x0000020f86ccf8a0 WorkerThread "GC Thread#1"                     [id=14808, stack(0x0000005743c00000,0x0000005743d00000) (1024K)]
  0x0000020f8696c820 WorkerThread "GC Thread#2"                     [id=8544, stack(0x0000005743d00000,0x0000005743e00000) (1024K)]
  0x0000020f8682bd50 WorkerThread "GC Thread#3"                     [id=24304, stack(0x0000005743e00000,0x0000005743f00000) (1024K)]
  0x0000020f8682c100 WorkerThread "GC Thread#4"                     [id=24388, stack(0x0000005743f00000,0x0000005744000000) (1024K)]
  0x0000020f86989b10 WorkerThread "GC Thread#5"                     [id=24340, stack(0x0000005744000000,0x0000005744100000) (1024K)]
  0x0000020f86c52e30 WorkerThread "GC Thread#6"                     [id=24212, stack(0x0000005744100000,0x0000005744200000) (1024K)]
  0x0000020f8b01f380 WorkerThread "GC Thread#7"                     [id=12436, stack(0x0000005744500000,0x0000005744600000) (1024K)]
  0x0000020f86d94480 WorkerThread "GC Thread#8"                     [id=11276, stack(0x0000005744800000,0x0000005744900000) (1024K)]
  0x0000020f8b357d50 WorkerThread "GC Thread#9"                     [id=22436, stack(0x0000005744900000,0x0000005744a00000) (1024K)]
Total: 12

Threads with active compile tasks:
C2 CompilerThread0  17913 6014   !   4       org.eclipse.osgi.internal.loader.BundleLoader::findClass0 (490 bytes)
Total: 1

VM state: not at safepoint (normal execution)

VM Mutex/Monitor currently owned by a thread: None

Heap address: 0x0000000080000000, size: 2048 MB, Compressed Oops mode: 32-bit

CDS archive(s) mapped at: [0x0000020f44000000-0x0000020f44ba0000-0x0000020f44ba0000), size 12189696, SharedBaseAddress: 0x0000020f44000000, ArchiveRelocationMode: 1.
Compressed class space mapped at: 0x0000020f45000000-0x0000020f85000000, reserved size: 1073741824
Narrow klass base: 0x0000020f44000000, Narrow klass shift: 0, Narrow klass range: 0x100000000

GC Precious Log:
 CardTable entry size: 512
 CPUs: 12 total, 12 available
 Memory: 7852M
 Large Page Support: Disabled
 NUMA Support: Disabled
 Compressed Oops: Enabled (32-bit)
 Alignments: Space 512K, Generation 512K, Heap 2M
 Heap Min Capacity: 100M
 Heap Initial Capacity: 100M
 Heap Max Capacity: 2G
 Pre-touch: Disabled
 Parallel Workers: 10

Heap:
 PSYoungGen      total 19456K, used 11358K [0x00000000d5580000, 0x00000000d6c00000, 0x0000000100000000)
  eden space 18944K, 57% used [0x00000000d5580000,0x00000000d601f928,0x00000000d6800000)
  from space 512K, 93% used [0x00000000d6b80000,0x00000000d6bf8000,0x00000000d6c00000)
  to   space 1024K, 0% used [0x00000000d6a00000,0x00000000d6a00000,0x00000000d6b00000)
 ParOldGen       total 68608K, used 33736K [0x0000000080000000, 0x0000000084300000, 0x00000000d5580000)
  object space 68608K, 49% used [0x0000000080000000,0x00000000820f20d0,0x0000000084300000)
 Metaspace       used 43715K, committed 44800K, reserved 1114112K
  class space    used 4411K, committed 4864K, reserved 1048576K

Card table byte_map: [0x0000020f2c2f0000,0x0000020f2c700000] _byte_map_base: 0x0000020f2bef0000

Marking Bits: (ParMarkBitMap*) 0x00007ffda26b3450
 Begin Bits: [0x0000020f3ee00000, 0x0000020f40e00000)
 End Bits:   [0x0000020f40e00000, 0x0000020f42e00000)

Polling page: 0x0000020f2a6c0000

Metaspace:

Usage:
  Non-class:     38.38 MB used.
      Class:      4.31 MB used.
       Both:     42.69 MB used.

Virtual space:
  Non-class space:       64.00 MB reserved,      39.00 MB ( 61%) committed,  1 nodes.
      Class space:        1.00 GB reserved,       4.75 MB ( <1%) committed,  1 nodes.
             Both:        1.06 GB reserved,      43.75 MB (  4%) committed. 

Chunk freelists:
   Non-Class:  8.64 MB
       Class:  11.26 MB
        Both:  19.91 MB

MaxMetaspaceSize: unlimited
CompressedClassSpaceSize: 1.00 GB
Initial GC threshold: 21.00 MB
Current GC threshold: 58.38 MB
CDS: on
 - commit_granule_bytes: 65536.
 - commit_granule_words: 8192.
 - virtual_space_node_default_size: 8388608.
 - enlarge_chunks_in_place: 1.
 - use_allocation_guard: 0.


Internal statistics:

num_allocs_failed_limit: 8.
num_arena_births: 976.
num_arena_deaths: 92.
num_vsnodes_births: 2.
num_vsnodes_deaths: 0.
num_space_committed: 700.
num_space_uncommitted: 0.
num_chunks_returned_to_freelist: 133.
num_chunks_taken_from_freelist: 3002.
num_chunk_merges: 36.
num_chunk_splits: 1812.
num_chunks_enlarged: 1031.
num_inconsistent_stats: 0.

CodeHeap 'non-profiled nmethods': size=120000Kb used=2912Kb max_used=2912Kb free=117087Kb
 bounds [0x0000020f37620000, 0x0000020f37900000, 0x0000020f3eb50000]
CodeHeap 'profiled nmethods': size=120000Kb used=11805Kb max_used=11805Kb free=108195Kb
 bounds [0x0000020f2fb50000, 0x0000020f306e0000, 0x0000020f37080000]
CodeHeap 'non-nmethods': size=5760Kb used=1415Kb max_used=1452Kb free=4344Kb
 bounds [0x0000020f37080000, 0x0000020f372f0000, 0x0000020f37620000]
CodeCache: size=245760Kb, used=16132Kb, max_used=16169Kb, free=229626Kb
 total_blobs=6393, nmethods=5668, adapters=630, full_count=0
Compilation: enabled, stopped_count=0, restarted_count=0

Compilation events (20 events):
Event: 15.990 Thread 0x0000020f86251df0 6048       1       org.eclipse.core.internal.resources.MarkerInfo::getCreationTime (5 bytes)
Event: 15.990 Thread 0x0000020f86251df0 nmethod 6048 0x0000020f378f7a10 code [0x0000020f378f7ba0, 0x0000020f378f7c68]
Event: 15.991 Thread 0x0000020f86251df0 6051       3       org.eclipse.core.internal.resources.MarkerWriter::write (100 bytes)
Event: 15.994 Thread 0x0000020f86251df0 nmethod 6051 0x0000020f306d0910 code [0x0000020f306d0d20, 0x0000020f306d2ac0]
Event: 15.994 Thread 0x0000020f86251df0 6053       3       org.eclipse.core.internal.resources.MarkerManager::isPersistent (49 bytes)
Event: 15.994 Thread 0x0000020f86251df0 nmethod 6053 0x0000020f306d3690 code [0x0000020f306d38e0, 0x0000020f306d4348]
Event: 15.995 Thread 0x0000020f86251df0 6052       3       org.eclipse.core.internal.resources.MarkerInfo::getAttributes (35 bytes)
Event: 15.995 Thread 0x0000020f86251df0 nmethod 6052 0x0000020f306d4690 code [0x0000020f306d4880, 0x0000020f306d4dc8]
Event: 16.051 Thread 0x0000020f86251df0 6054 %     3       org.eclipse.core.runtime.Path::toOSString @ 118 (224 bytes)
Event: 16.052 Thread 0x0000020f86251df0 nmethod 6054% 0x0000020f306d4f90 code [0x0000020f306d5200, 0x0000020f306d5dc8]
Event: 16.052 Thread 0x0000020f86251df0 6055       1       org.eclipse.core.internal.resources.Workspace::getFileSystemManager (5 bytes)
Event: 16.052 Thread 0x0000020f86251df0 nmethod 6055 0x0000020f378f7d10 code [0x0000020f378f7ea0, 0x0000020f378f7f68]
Event: 16.054 Thread 0x0000020f86251df0 6056       3       java.io.BufferedWriter::implWrite (100 bytes)
Event: 16.054 Thread 0x0000020f86251df0 nmethod 6056 0x0000020f306d6390 code [0x0000020f306d65a0, 0x0000020f306d6ab8]
Event: 16.165 Thread 0x0000020f86251df0 6057       3       org.eclipse.core.internal.jobs.JobListeners::getJobListenerTimeout (4 bytes)
Event: 16.165 Thread 0x0000020f86251df0 nmethod 6057 0x0000020f306d6d10 code [0x0000020f306d6ea0, 0x0000020f306d6f98]
Event: 16.165 Thread 0x0000020f86251df0 6058       1       org.eclipse.core.internal.dtree.DeltaDataTree::getRootNode (5 bytes)
Event: 16.165 Thread 0x0000020f86251df0 nmethod 6058 0x0000020f378f8010 code [0x0000020f378f81a0, 0x0000020f378f8268]
Event: 16.165 Thread 0x0000020f86251df0 6059       3       org.eclipse.core.internal.jobs.JobQueue::peek (26 bytes)
Event: 16.166 Thread 0x0000020f86251df0 nmethod 6059 0x0000020f306d7010 code [0x0000020f306d71c0, 0x0000020f306d7358]

GC Heap History (20 events):
Event: 3.832 GC heap before
{Heap before GC invocations=17 (full 1):
 PSYoungGen      total 24064K, used 24064K [0x00000000d5580000, 0x00000000d7000000, 0x0000000100000000)
  eden space 22016K, 100% used [0x00000000d5580000,0x00000000d6b00000,0x00000000d6b00000)
  from space 2048K, 100% used [0x00000000d6b00000,0x00000000d6d00000,0x00000000d6d00000)
  to   space 2560K, 0% used [0x00000000d6d80000,0x00000000d6d80000,0x00000000d7000000)
 ParOldGen       total 68608K, used 24430K [0x0000000080000000, 0x0000000084300000, 0x00000000d5580000)
  object space 68608K, 35% used [0x0000000080000000,0x00000000817db958,0x0000000084300000)
 Metaspace       used 33963K, committed 34944K, reserved 1114112K
  class space    used 3475K, committed 3904K, reserved 1048576K
}
Event: 3.834 GC heap after
{Heap after GC invocations=17 (full 1):
 PSYoungGen      total 24576K, used 2272K [0x00000000d5580000, 0x00000000d7000000, 0x0000000100000000)
  eden space 22016K, 0% used [0x00000000d5580000,0x00000000d5580000,0x00000000d6b00000)
  from space 2560K, 88% used [0x00000000d6d80000,0x00000000d6fb8010,0x00000000d7000000)
  to   space 2560K, 0% used [0x00000000d6b00000,0x00000000d6b00000,0x00000000d6d80000)
 ParOldGen       total 68608K, used 26358K [0x0000000080000000, 0x0000000084300000, 0x00000000d5580000)
  object space 68608K, 38% used [0x0000000080000000,0x00000000819bd958,0x0000000084300000)
 Metaspace       used 33963K, committed 34944K, reserved 1114112K
  class space    used 3475K, committed 3904K, reserved 1048576K
}
Event: 3.886 GC heap before
{Heap before GC invocations=18 (full 1):
 PSYoungGen      total 24576K, used 24288K [0x00000000d5580000, 0x00000000d7000000, 0x0000000100000000)
  eden space 22016K, 100% used [0x00000000d5580000,0x00000000d6b00000,0x00000000d6b00000)
  from space 2560K, 88% used [0x00000000d6d80000,0x00000000d6fb8010,0x00000000d7000000)
  to   space 2560K, 0% used [0x00000000d6b00000,0x00000000d6b00000,0x00000000d6d80000)
 ParOldGen       total 68608K, used 26358K [0x0000000080000000, 0x0000000084300000, 0x00000000d5580000)
  object space 68608K, 38% used [0x0000000080000000,0x00000000819bd978,0x0000000084300000)
 Metaspace       used 34128K, committed 35136K, reserved 1114112K
  class space    used 3482K, committed 3904K, reserved 1048576K
}
Event: 3.889 GC heap after
{Heap after GC invocations=18 (full 1):
 PSYoungGen      total 24576K, used 2040K [0x00000000d5580000, 0x00000000d7000000, 0x0000000100000000)
  eden space 22016K, 0% used [0x00000000d5580000,0x00000000d5580000,0x00000000d6b00000)
  from space 2560K, 79% used [0x00000000d6b00000,0x00000000d6cfe200,0x00000000d6d80000)
  to   space 2560K, 0% used [0x00000000d6d80000,0x00000000d6d80000,0x00000000d7000000)
 ParOldGen       total 68608K, used 28478K [0x0000000080000000, 0x0000000084300000, 0x00000000d5580000)
  object space 68608K, 41% used [0x0000000080000000,0x0000000081bcf988,0x0000000084300000)
 Metaspace       used 34128K, committed 35136K, reserved 1114112K
  class space    used 3482K, committed 3904K, reserved 1048576K
}
Event: 3.919 GC heap before
{Heap before GC invocations=19 (full 1):
 PSYoungGen      total 24576K, used 8534K [0x00000000d5580000, 0x00000000d7000000, 0x0000000100000000)
  eden space 22016K, 29% used [0x00000000d5580000,0x00000000d5bd7850,0x00000000d6b00000)
  from space 2560K, 79% used [0x00000000d6b00000,0x00000000d6cfe200,0x00000000d6d80000)
  to   space 2560K, 0% used [0x00000000d6d80000,0x00000000d6d80000,0x00000000d7000000)
 ParOldGen       total 68608K, used 28478K [0x0000000080000000, 0x0000000084300000, 0x00000000d5580000)
  object space 68608K, 41% used [0x0000000080000000,0x0000000081bcf988,0x0000000084300000)
 Metaspace       used 34824K, committed 35840K, reserved 1114112K
  class space    used 3550K, committed 3968K, reserved 1048576K
}
Event: 3.920 GC heap after
{Heap after GC invocations=19 (full 1):
 PSYoungGen      total 23040K, used 616K [0x00000000d5580000, 0x00000000d6e80000, 0x0000000100000000)
  eden space 22016K, 0% used [0x00000000d5580000,0x00000000d5580000,0x00000000d6b00000)
  from space 1024K, 60% used [0x00000000d6d80000,0x00000000d6e1a2f8,0x00000000d6e80000)
  to   space 1536K, 0% used [0x00000000d6b80000,0x00000000d6b80000,0x00000000d6d00000)
 ParOldGen       total 68608K, used 30311K [0x0000000080000000, 0x0000000084300000, 0x00000000d5580000)
  object space 68608K, 44% used [0x0000000080000000,0x0000000081d99f00,0x0000000084300000)
 Metaspace       used 34824K, committed 35840K, reserved 1114112K
  class space    used 3550K, committed 3968K, reserved 1048576K
}
Event: 3.921 GC heap before
{Heap before GC invocations=20 (full 2):
 PSYoungGen      total 23040K, used 616K [0x00000000d5580000, 0x00000000d6e80000, 0x0000000100000000)
  eden space 22016K, 0% used [0x00000000d5580000,0x00000000d5580000,0x00000000d6b00000)
  from space 1024K, 60% used [0x00000000d6d80000,0x00000000d6e1a2f8,0x00000000d6e80000)
  to   space 1536K, 0% used [0x00000000d6b80000,0x00000000d6b80000,0x00000000d6d00000)
 ParOldGen       total 68608K, used 30311K [0x0000000080000000, 0x0000000084300000, 0x00000000d5580000)
  object space 68608K, 44% used [0x0000000080000000,0x0000000081d99f00,0x0000000084300000)
 Metaspace       used 34824K, committed 35840K, reserved 1114112K
  class space    used 3550K, committed 3968K, reserved 1048576K
}
Event: 3.952 GC heap after
{Heap after GC invocations=20 (full 2):
 PSYoungGen      total 23040K, used 0K [0x00000000d5580000, 0x00000000d6e80000, 0x0000000100000000)
  eden space 22016K, 0% used [0x00000000d5580000,0x00000000d5580000,0x00000000d6b00000)
  from space 1024K, 0% used [0x00000000d6d80000,0x00000000d6d80000,0x00000000d6e80000)
  to   space 1536K, 0% used [0x00000000d6b80000,0x00000000d6b80000,0x00000000d6d00000)
 ParOldGen       total 68608K, used 28688K [0x0000000080000000, 0x0000000084300000, 0x00000000d5580000)
  object space 68608K, 41% used [0x0000000080000000,0x0000000081c04328,0x0000000084300000)
 Metaspace       used 34755K, committed 35840K, reserved 1114112K
  class space    used 3530K, committed 3968K, reserved 1048576K
}
Event: 4.210 GC heap before
{Heap before GC invocations=21 (full 2):
 PSYoungGen      total 23040K, used 22016K [0x00000000d5580000, 0x00000000d6e80000, 0x0000000100000000)
  eden space 22016K, 100% used [0x00000000d5580000,0x00000000d6b00000,0x00000000d6b00000)
  from space 1024K, 0% used [0x00000000d6d80000,0x00000000d6d80000,0x00000000d6e80000)
  to   space 1536K, 0% used [0x00000000d6b80000,0x00000000d6b80000,0x00000000d6d00000)
 ParOldGen       total 68608K, used 28692K [0x0000000080000000, 0x0000000084300000, 0x00000000d5580000)
  object space 68608K, 41% used [0x0000000080000000,0x0000000081c05200,0x0000000084300000)
 Metaspace       used 36637K, committed 37632K, reserved 1114112K
  class space    used 3724K, committed 4160K, reserved 1048576K
}
Event: 4.211 GC heap after
{Heap after GC invocations=21 (full 2):
 PSYoungGen      total 23552K, used 560K [0x00000000d5580000, 0x00000000d6e00000, 0x0000000100000000)
  eden space 22016K, 0% used [0x00000000d5580000,0x00000000d5580000,0x00000000d6b00000)
  from space 1536K, 36% used [0x00000000d6b80000,0x00000000d6c0c010,0x00000000d6d00000)
  to   space 1024K, 0% used [0x00000000d6d00000,0x00000000d6d00000,0x00000000d6e00000)
 ParOldGen       total 68608K, used 28700K [0x0000000080000000, 0x0000000084300000, 0x00000000d5580000)
  object space 68608K, 41% used [0x0000000080000000,0x0000000081c07200,0x0000000084300000)
 Metaspace       used 36637K, committed 37632K, reserved 1114112K
  class space    used 3724K, committed 4160K, reserved 1048576K
}
Event: 4.437 GC heap before
{Heap before GC invocations=22 (full 2):
 PSYoungGen      total 23552K, used 22576K [0x00000000d5580000, 0x00000000d6e00000, 0x0000000100000000)
  eden space 22016K, 100% used [0x00000000d5580000,0x00000000d6b00000,0x00000000d6b00000)
  from space 1536K, 36% used [0x00000000d6b80000,0x00000000d6c0c010,0x00000000d6d00000)
  to   space 1024K, 0% used [0x00000000d6d00000,0x00000000d6d00000,0x00000000d6e00000)
 ParOldGen       total 68608K, used 28700K [0x0000000080000000, 0x0000000084300000, 0x00000000d5580000)
  object space 68608K, 41% used [0x0000000080000000,0x0000000081c07200,0x0000000084300000)
 Metaspace       used 37906K, committed 38912K, reserved 1114112K
  class space    used 3859K, committed 4288K, reserved 1048576K
}
Event: 4.438 GC heap after
{Heap after GC invocations=22 (full 2):
 PSYoungGen      total 23040K, used 800K [0x00000000d5580000, 0x00000000d6e00000, 0x0000000100000000)
  eden space 22016K, 0% used [0x00000000d5580000,0x00000000d5580000,0x00000000d6b00000)
  from space 1024K, 78% used [0x00000000d6d00000,0x00000000d6dc8000,0x00000000d6e00000)
  to   space 1024K, 0% used [0x00000000d6c00000,0x00000000d6c00000,0x00000000d6d00000)
 ParOldGen       total 68608K, used 29056K [0x0000000080000000, 0x0000000084300000, 0x00000000d5580000)
  object space 68608K, 42% used [0x0000000080000000,0x0000000081c60398,0x0000000084300000)
 Metaspace       used 37906K, committed 38912K, reserved 1114112K
  class space    used 3859K, committed 4288K, reserved 1048576K
}
Event: 4.585 GC heap before
{Heap before GC invocations=23 (full 2):
 PSYoungGen      total 23040K, used 22816K [0x00000000d5580000, 0x00000000d6e00000, 0x0000000100000000)
  eden space 22016K, 100% used [0x00000000d5580000,0x00000000d6b00000,0x00000000d6b00000)
  from space 1024K, 78% used [0x00000000d6d00000,0x00000000d6dc8000,0x00000000d6e00000)
  to   space 1024K, 0% used [0x00000000d6c00000,0x00000000d6c00000,0x00000000d6d00000)
 ParOldGen       total 68608K, used 29056K [0x0000000080000000, 0x0000000084300000, 0x00000000d5580000)
  object space 68608K, 42% used [0x0000000080000000,0x0000000081c60398,0x0000000084300000)
 Metaspace       used 39365K, committed 40384K, reserved 1114112K
  class space    used 4045K, committed 4480K, reserved 1048576K
}
Event: 4.587 GC heap after
{Heap after GC invocations=23 (full 2):
 PSYoungGen      total 23040K, used 993K [0x00000000d5580000, 0x00000000d6f00000, 0x0000000100000000)
  eden space 22016K, 0% used [0x00000000d5580000,0x00000000d5580000,0x00000000d6b00000)
  from space 1024K, 96% used [0x00000000d6c00000,0x00000000d6cf8458,0x00000000d6d00000)
  to   space 2048K, 0% used [0x00000000d6d00000,0x00000000d6d00000,0x00000000d6f00000)
 ParOldGen       total 68608K, used 29920K [0x0000000080000000, 0x0000000084300000, 0x00000000d5580000)
  object space 68608K, 43% used [0x0000000080000000,0x0000000081d383e8,0x0000000084300000)
 Metaspace       used 39365K, committed 40384K, reserved 1114112K
  class space    used 4045K, committed 4480K, reserved 1048576K
}
Event: 5.173 GC heap before
{Heap before GC invocations=24 (full 2):
 PSYoungGen      total 23040K, used 22841K [0x00000000d5580000, 0x00000000d6f00000, 0x0000000100000000)
  eden space 22016K, 99% used [0x00000000d5580000,0x00000000d6ad6238,0x00000000d6b00000)
  from space 1024K, 96% used [0x00000000d6c00000,0x00000000d6cf8458,0x00000000d6d00000)
  to   space 2048K, 0% used [0x00000000d6d00000,0x00000000d6d00000,0x00000000d6f00000)
 ParOldGen       total 68608K, used 29920K [0x0000000080000000, 0x0000000084300000, 0x00000000d5580000)
  object space 68608K, 43% used [0x0000000080000000,0x0000000081d383e8,0x0000000084300000)
 Metaspace       used 41193K, committed 42304K, reserved 1114112K
  class space    used 4201K, committed 4672K, reserved 1048576K
}
Event: 5.174 GC heap after
{Heap after GC invocations=24 (full 2):
 PSYoungGen      total 20992K, used 2037K [0x00000000d5580000, 0x00000000d7500000, 0x0000000100000000)
  eden space 18944K, 0% used [0x00000000d5580000,0x00000000d5580000,0x00000000d6800000)
  from space 2048K, 99% used [0x00000000d6d00000,0x00000000d6efd6d8,0x00000000d6f00000)
  to   space 5120K, 0% used [0x00000000d6800000,0x00000000d6800000,0x00000000d6d00000)
 ParOldGen       total 68608K, used 32376K [0x0000000080000000, 0x0000000084300000, 0x00000000d5580000)
  object space 68608K, 47% used [0x0000000080000000,0x0000000081f9e198,0x0000000084300000)
 Metaspace       used 41193K, committed 42304K, reserved 1114112K
  class space    used 4201K, committed 4672K, reserved 1048576K
}
Event: 5.211 GC heap before
{Heap before GC invocations=25 (full 2):
 PSYoungGen      total 20992K, used 20954K [0x00000000d5580000, 0x00000000d7500000, 0x0000000100000000)
  eden space 18944K, 99% used [0x00000000d5580000,0x00000000d67f9498,0x00000000d6800000)
  from space 2048K, 99% used [0x00000000d6d00000,0x00000000d6efd6d8,0x00000000d6f00000)
  to   space 5120K, 0% used [0x00000000d6800000,0x00000000d6800000,0x00000000d6d00000)
 ParOldGen       total 68608K, used 32376K [0x0000000080000000, 0x0000000084300000, 0x00000000d5580000)
  object space 68608K, 47% used [0x0000000080000000,0x0000000081f9e198,0x0000000084300000)
 Metaspace       used 41214K, committed 42304K, reserved 1114112K
  class space    used 4201K, committed 4672K, reserved 1048576K
}
Event: 5.212 GC heap after
{Heap after GC invocations=25 (full 2):
 PSYoungGen      total 19456K, used 333K [0x00000000d5580000, 0x00000000d6d80000, 0x0000000100000000)
  eden space 18944K, 0% used [0x00000000d5580000,0x00000000d5580000,0x00000000d6800000)
  from space 512K, 65% used [0x00000000d6800000,0x00000000d6853680,0x00000000d6880000)
  to   space 2048K, 0% used [0x00000000d6b80000,0x00000000d6b80000,0x00000000d6d80000)
 ParOldGen       total 68608K, used 33704K [0x0000000080000000, 0x0000000084300000, 0x00000000d5580000)
  object space 68608K, 49% used [0x0000000080000000,0x00000000820ea0d0,0x0000000084300000)
 Metaspace       used 41214K, committed 42304K, reserved 1114112K
  class space    used 4201K, committed 4672K, reserved 1048576K
}
Event: 5.326 GC heap before
{Heap before GC invocations=26 (full 2):
 PSYoungGen      total 19456K, used 19277K [0x00000000d5580000, 0x00000000d6d80000, 0x0000000100000000)
  eden space 18944K, 100% used [0x00000000d5580000,0x00000000d6800000,0x00000000d6800000)
  from space 512K, 65% used [0x00000000d6800000,0x00000000d6853680,0x00000000d6880000)
  to   space 2048K, 0% used [0x00000000d6b80000,0x00000000d6b80000,0x00000000d6d80000)
 ParOldGen       total 68608K, used 33704K [0x0000000080000000, 0x0000000084300000, 0x00000000d5580000)
  object space 68608K, 49% used [0x0000000080000000,0x00000000820ea0d0,0x0000000084300000)
 Metaspace       used 43057K, committed 44160K, reserved 1114112K
  class space    used 4356K, committed 4800K, reserved 1048576K
}
Event: 5.327 GC heap after
{Heap after GC invocations=26 (full 2):
 PSYoungGen      total 19456K, used 480K [0x00000000d5580000, 0x00000000d6c00000, 0x0000000100000000)
  eden space 18944K, 0% used [0x00000000d5580000,0x00000000d5580000,0x00000000d6800000)
  from space 512K, 93% used [0x00000000d6b80000,0x00000000d6bf8000,0x00000000d6c00000)
  to   space 1024K, 0% used [0x00000000d6a00000,0x00000000d6a00000,0x00000000d6b00000)
 ParOldGen       total 68608K, used 33736K [0x0000000080000000, 0x0000000084300000, 0x00000000d5580000)
  object space 68608K, 49% used [0x0000000080000000,0x00000000820f20d0,0x0000000084300000)
 Metaspace       used 43057K, committed 44160K, reserved 1114112K
  class space    used 4356K, committed 4800K, reserved 1048576K
}

Dll operation events (10 events):
Event: 0.009 Loaded shared library c:\Users\PcCris\.vscode\extensions\redhat.java-1.54.0-win32-x64\jre\21.0.10-win32-x86_64\bin\java.dll
Event: 0.061 Loaded shared library c:\Users\PcCris\.vscode\extensions\redhat.java-1.54.0-win32-x64\jre\21.0.10-win32-x86_64\bin\zip.dll
Event: 0.077 Loaded shared library C:\Users\PcCris\.vscode\extensions\redhat.java-1.54.0-win32-x64\jre\21.0.10-win32-x86_64\bin\instrument.dll
Event: 0.084 Loaded shared library C:\Users\PcCris\.vscode\extensions\redhat.java-1.54.0-win32-x64\jre\21.0.10-win32-x86_64\bin\net.dll
Event: 0.092 Loaded shared library C:\Users\PcCris\.vscode\extensions\redhat.java-1.54.0-win32-x64\jre\21.0.10-win32-x86_64\bin\nio.dll
Event: 0.102 Loaded shared library C:\Users\PcCris\.vscode\extensions\redhat.java-1.54.0-win32-x64\jre\21.0.10-win32-x86_64\bin\zip.dll
Event: 0.122 Loaded shared library C:\Users\PcCris\.vscode\extensions\redhat.java-1.54.0-win32-x64\jre\21.0.10-win32-x86_64\bin\jimage.dll
Event: 0.193 Loaded shared library c:\Users\PcCris\.vscode\extensions\redhat.java-1.54.0-win32-x64\jre\21.0.10-win32-x86_64\bin\verify.dll
Event: 1.151 Loaded shared library C:\Users\PcCris\AppData\Roaming\Code\User\globalStorage\redhat.java\1.54.0\config_ss_win\org.eclipse.equinox.launcher\org.eclipse.equinox.launcher.win32.win32.x86_64_1.3.0.v20260203-2149\eclipse_11919.dll
Event: 2.103 Loaded shared library C:\Users\PcCris\AppData\Local\Temp\jna--1911097716\jna10611906877240286060.dll

Deoptimization events (20 events):
Event: 15.858 Thread 0x0000020f8b3f4590 Uncommon trap: trap_request=0xffffffde fr.pc=0x0000020f3780bab8 relative=0x0000000000000678
Event: 15.858 Thread 0x0000020f8b3f4590 Uncommon trap: reason=class_check action=maybe_recompile pc=0x0000020f3780bab8 method=java.util.Spliterators$1Adapter.hasNext()Z @ 12 c2
Event: 15.858 Thread 0x0000020f8b3f4590 DEOPT PACKING pc=0x0000020f3780bab8 sp=0x0000005745dfeac0
Event: 15.858 Thread 0x0000020f8b3f4590 DEOPT UNPACKING pc=0x0000020f370d3aa2 sp=0x0000005745dfea78 mode 2
Event: 15.858 Thread 0x0000020f8b3f4590 Uncommon trap: trap_request=0xffffffde fr.pc=0x0000020f3780bab8 relative=0x0000000000000678
Event: 15.858 Thread 0x0000020f8b3f4590 Uncommon trap: reason=class_check action=maybe_recompile pc=0x0000020f3780bab8 method=java.util.Spliterators$1Adapter.hasNext()Z @ 12 c2
Event: 15.858 Thread 0x0000020f8b3f4590 DEOPT PACKING pc=0x0000020f3780bab8 sp=0x0000005745dfeac0
Event: 15.858 Thread 0x0000020f8b3f4590 DEOPT UNPACKING pc=0x0000020f370d3aa2 sp=0x0000005745dfea78 mode 2
Event: 15.907 Thread 0x0000020f8b3f80a0 Uncommon trap: trap_request=0xffffff45 fr.pc=0x0000020f3775fc70 relative=0x00000000000005f0
Event: 15.907 Thread 0x0000020f8b3f80a0 Uncommon trap: reason=unstable_if action=reinterpret pc=0x0000020f3775fc70 method=java.util.HashMap.putVal(ILjava/lang/Object;Ljava/lang/Object;ZZ)Ljava/lang/Object; @ 236 c2
Event: 15.907 Thread 0x0000020f8b3f80a0 DEOPT PACKING pc=0x0000020f3775fc70 sp=0x0000005744cfe3d0
Event: 15.907 Thread 0x0000020f8b3f80a0 DEOPT UNPACKING pc=0x0000020f370d3aa2 sp=0x0000005744cfe348 mode 2
Event: 15.961 Thread 0x0000020f8b3f4590 Uncommon trap: trap_request=0xffffff45 fr.pc=0x0000020f377933c8 relative=0x00000000000001a8
Event: 15.961 Thread 0x0000020f8b3f4590 Uncommon trap: reason=unstable_if action=reinterpret pc=0x0000020f377933c8 method=jdk.internal.org.objectweb.asm.Frame.push(I)V @ 26 c2
Event: 15.961 Thread 0x0000020f8b3f4590 DEOPT PACKING pc=0x0000020f377933c8 sp=0x0000005745dfd760
Event: 15.961 Thread 0x0000020f8b3f4590 DEOPT UNPACKING pc=0x0000020f370d3aa2 sp=0x0000005745dfd6e8 mode 2
Event: 15.983 Thread 0x0000020f8b3f8730 Uncommon trap: trap_request=0xffffff45 fr.pc=0x0000020f378f69b8 relative=0x0000000000000098
Event: 15.983 Thread 0x0000020f8b3f8730 Uncommon trap: reason=unstable_if action=reinterpret pc=0x0000020f378f69b8 method=java.io.BufferedOutputStream.growIfNeeded(I)V @ 24 c2
Event: 15.983 Thread 0x0000020f8b3f8730 DEOPT PACKING pc=0x0000020f378f69b8 sp=0x00000057466fdd50
Event: 15.983 Thread 0x0000020f8b3f8730 DEOPT UNPACKING pc=0x0000020f370d3aa2 sp=0x00000057466fdcc0 mode 2

Classes loaded (20 events):
Event: 15.877 Loading class java/util/concurrent/ForkJoinTask$AdaptedCallable
Event: 15.877 Loading class java/util/concurrent/ForkJoinTask$AdaptedCallable done
Event: 15.894 Loading class java/util/stream/Nodes$CollectorTask$OfRef
Event: 15.896 Loading class java/util/stream/Nodes$CollectorTask
Event: 15.898 Loading class java/util/stream/Nodes$CollectorTask done
Event: 15.898 Loading class java/util/stream/Nodes$CollectorTask$OfRef done
Event: 15.898 Loading class java/util/function/LongFunction
Event: 15.898 Loading class java/util/function/LongFunction done
Event: 15.899 Loading class java/util/stream/Nodes$ConcNode
Event: 15.899 Loading class java/util/stream/Nodes$AbstractConcNode
Event: 15.899 Loading class java/util/stream/Nodes$AbstractConcNode done
Event: 15.899 Loading class java/util/stream/Nodes$ConcNode done
Event: 15.901 Loading class java/util/zip/Deflater
Event: 15.902 Loading class java/util/zip/Deflater done
Event: 15.904 Loading class java/util/zip/Deflater$DeflaterZStreamRef
Event: 15.904 Loading class java/util/zip/Deflater$DeflaterZStreamRef done
Event: 15.916 Loading class java/util/stream/Nodes$ToArrayTask$OfRef
Event: 15.917 Loading class java/util/stream/Nodes$ToArrayTask
Event: 15.917 Loading class java/util/stream/Nodes$ToArrayTask done
Event: 15.917 Loading class java/util/stream/Nodes$ToArrayTask$OfRef done

Classes unloaded (20 events):
Event: 3.927 Thread 0x0000020f2ca0eb30 Unloading class 0x0000020f453b2c00 'java/lang/invoke/LambdaForm$DMH+0x0000020f453b2c00'
Event: 3.927 Thread 0x0000020f2ca0eb30 Unloading class 0x0000020f453b2400 'java/lang/invoke/LambdaForm$MH+0x0000020f453b2400'
Event: 3.927 Thread 0x0000020f2ca0eb30 Unloading class 0x0000020f453b1c00 'java/lang/invoke/LambdaForm$MH+0x0000020f453b1c00'
Event: 3.927 Thread 0x0000020f2ca0eb30 Unloading class 0x0000020f453b1400 'java/lang/invoke/LambdaForm$MH+0x0000020f453b1400'
Event: 3.927 Thread 0x0000020f2ca0eb30 Unloading class 0x0000020f453b1800 'java/lang/invoke/LambdaForm$MH+0x0000020f453b1800'
Event: 3.927 Thread 0x0000020f2ca0eb30 Unloading class 0x0000020f453a8000 'java/lang/invoke/LambdaForm$MH+0x0000020f453a8000'
Event: 3.927 Thread 0x0000020f2ca0eb30 Unloading class 0x0000020f453a3400 'java/lang/invoke/LambdaForm$MH+0x0000020f453a3400'
Event: 3.927 Thread 0x0000020f2ca0eb30 Unloading class 0x0000020f453a2c00 'java/lang/invoke/LambdaForm$MH+0x0000020f453a2c00'
Event: 3.927 Thread 0x0000020f2ca0eb30 Unloading class 0x0000020f453a2800 'java/lang/invoke/LambdaForm$MH+0x0000020f453a2800'
Event: 3.927 Thread 0x0000020f2ca0eb30 Unloading class 0x0000020f453a2000 'java/lang/invoke/LambdaForm$DMH+0x0000020f453a2000'
Event: 3.927 Thread 0x0000020f2ca0eb30 Unloading class 0x0000020f453a1400 'java/lang/invoke/LambdaForm$MH+0x0000020f453a1400'
Event: 3.927 Thread 0x0000020f2ca0eb30 Unloading class 0x0000020f4539bc00 'java/lang/invoke/LambdaForm$MH+0x0000020f4539bc00'
Event: 3.927 Thread 0x0000020f2ca0eb30 Unloading class 0x0000020f4539b400 'java/lang/invoke/LambdaForm$MH+0x0000020f4539b400'
Event: 3.927 Thread 0x0000020f2ca0eb30 Unloading class 0x0000020f4539ac00 'java/lang/invoke/LambdaForm$MH+0x0000020f4539ac00'
Event: 3.927 Thread 0x0000020f2ca0eb30 Unloading class 0x0000020f4539a400 'java/lang/invoke/LambdaForm$MH+0x0000020f4539a400'
Event: 3.927 Thread 0x0000020f2ca0eb30 Unloading class 0x0000020f45399c00 'java/lang/invoke/LambdaForm$MH+0x0000020f45399c00'
Event: 3.927 Thread 0x0000020f2ca0eb30 Unloading class 0x0000020f45399800 'java/lang/invoke/LambdaForm$MH+0x0000020f45399800'
Event: 3.927 Thread 0x0000020f2ca0eb30 Unloading class 0x0000020f45398c00 'java/lang/invoke/LambdaForm$MH+0x0000020f45398c00'
Event: 3.927 Thread 0x0000020f2ca0eb30 Unloading class 0x0000020f45398400 'java/lang/invoke/LambdaForm$MH+0x0000020f45398400'
Event: 3.927 Thread 0x0000020f2ca0eb30 Unloading class 0x0000020f45398000 'java/lang/invoke/LambdaForm$DMH+0x0000020f45398000'

Classes redefined (0 events):
No events

Internal exceptions (20 events):
Event: 4.434 Thread 0x0000020f8b3f9ae0 Exception <a 'java/lang/NoSuchMethodError'{0x00000000d69b7670}: 'java.lang.Object java.lang.invoke.DirectMethodHandle$Holder.invokeStatic(java.lang.Object, java.lang.Object, int, int)'> (0x00000000d69b7670) 
thrown [s\src\hotspot\share\interpreter\linkResolver.cpp, line 773]
Event: 4.435 Thread 0x0000020f8b3f3870 Exception <a 'java/lang/NoSuchMethodError'{0x00000000d6a05820}: 'java.lang.Object java.lang.invoke.DirectMethodHandle$Holder.invokeStatic(java.lang.Object, java.lang.Object, int, int)'> (0x00000000d6a05820) 
thrown [s\src\hotspot\share\interpreter\linkResolver.cpp, line 773]
Event: 4.435 Thread 0x0000020f8b29eca0 Exception <a 'java/lang/NoSuchMethodError'{0x00000000d6a3ddc8}: 'java.lang.Object java.lang.invoke.DirectMethodHandle$Holder.invokeSpecial(java.lang.Object, java.lang.Object, java.lang.Object, int, int)'> (0x00000000d6a3ddc8) 
thrown [s\src\hotspot\share\interpreter\linkResolver.cpp, line 773]
Event: 4.435 Thread 0x0000020f8b3fa170 Exception <a 'java/lang/NoSuchMethodError'{0x00000000d6a4a288}: 'java.lang.Object java.lang.invoke.DirectMethodHandle$Holder.invokeSpecial(java.lang.Object, java.lang.Object, java.lang.Object, int, int)'> (0x00000000d6a4a288) 
thrown [s\src\hotspot\share\interpreter\linkResolver.cpp, line 773]
Event: 4.435 Thread 0x0000020f8b3f9ae0 Exception <a 'java/lang/NoSuchMethodError'{0x00000000d69bb140}: 'java.lang.Object java.lang.invoke.DirectMethodHandle$Holder.invokeSpecial(java.lang.Object, java.lang.Object, java.lang.Object, int, int)'> (0x00000000d69bb140) 
thrown [s\src\hotspot\share\interpreter\linkResolver.cpp, line 773]
Event: 4.475 Thread 0x0000020f8b3f9ae0 Exception <a 'java/lang/LinkageError'{0x00000000d5abed48}: loader lombok.launch.ShadowClassLoader @424480f2 attempted duplicate class definition for lombok.launch.PatchFixesHider$FieldInitializer. (lombok.launch.PatchFixesHider$FieldInitializer is in unnamed module of loader lombok.launch.ShadowClassLoader @424480f2, parent loader org.eclipse.osgi.internal.loader.EquinoxClassLoader @2e4f49cd)> (0x00000000d5abed48) 
thrown [s\src\hotspot\share\classfile\systemDictionary.cpp, line 1672]
Event: 4.475 Thread 0x0000020f8b3f3870 Exception <a 'java/lang/LinkageError'{0x00000000d5a22bd8}: loader lombok.launch.ShadowClassLoader @424480f2 attempted duplicate class definition for lombok.launch.PatchFixesHider$FieldInitializer. (lombok.launch.PatchFixesHider$FieldInitializer is in unnamed module of loader lombok.launch.ShadowClassLoader @424480f2, parent loader org.eclipse.osgi.internal.loader.EquinoxClassLoader @2e4f49cd)> (0x00000000d5a22bd8) 
thrown [s\src\hotspot\share\classfile\systemDictionary.cpp, line 1672]
Event: 4.493 Thread 0x0000020f8b29eca0 Exception <a 'java/lang/NoSuchMethodError'{0x00000000d5bfb6f0}: 'int java.lang.invoke.DirectMethodHandle$Holder.invokeSpecialIFC(java.lang.Object, java.lang.Object, java.lang.Object)'> (0x00000000d5bfb6f0) 
thrown [s\src\hotspot\share\interpreter\linkResolver.cpp, line 773]
Event: 4.498 Thread 0x0000020f8b3fa170 Exception <a 'java/lang/NoSuchMethodError'{0x00000000d5c6ee70}: 'java.lang.Object java.lang.invoke.DirectMethodHandle$Holder.invokeSpecial(java.lang.Object, java.lang.Object, java.lang.Object, java.lang.Object, int, java.lang.Object, java.lang.Object)'> (0x00000000d5c6ee70) 
thrown [s\src\hotspot\share\interpreter\linkResolver.cpp, line 773]
Event: 4.498 Thread 0x0000020f8b3f9ae0 Exception <a 'java/lang/NoSuchMethodError'{0x00000000d5c0efe0}: 'java.lang.Object java.lang.invoke.DirectMethodHandle$Holder.invokeSpecial(java.lang.Object, java.lang.Object, java.lang.Object, java.lang.Object, int, java.lang.Object, java.lang.Object)'> (0x00000000d5c0efe0) 
thrown [s\src\hotspot\share\interpreter\linkResolver.cpp, line 773]
Event: 4.577 Thread 0x0000020f8b3f3870 Exception <a 'java/lang/IncompatibleClassChangeError'{0x00000000d6a1bca0}: Found class java.lang.Object, but interface was expected> (0x00000000d6a1bca0) 
thrown [s\src\hotspot\share\interpreter\linkResolver.cpp, line 840]
Event: 4.580 Thread 0x0000020f8b3f3870 Exception <a 'java/lang/IncompatibleClassChangeError'{0x00000000d6a2b8b0}: Found class java.lang.Object, but interface was expected> (0x00000000d6a2b8b0) 
thrown [s\src\hotspot\share\interpreter\linkResolver.cpp, line 840]
Event: 5.023 Thread 0x0000020f8b3c40b0 Exception <a 'java/lang/NoSuchMethodError'{0x00000000d5be3200}: 'java.lang.Object java.lang.invoke.DirectMethodHandle$Holder.invokeSpecial(java.lang.Object, java.lang.Object, int, long)'> (0x00000000d5be3200) 
thrown [s\src\hotspot\share\interpreter\linkResolver.cpp, line 773]
Event: 5.041 Thread 0x0000020f8b3f8dc0 Exception <a 'java/lang/ArrayIndexOutOfBoundsException'{0x00000000d5d38848}: Index 2235 out of bounds for length 2234> (0x00000000d5d38848) 
thrown [s\src\hotspot\share\interpreter\interpreterRuntime.cpp, line 439]
Event: 5.068 Thread 0x0000020f8b3fa800 Exception <a 'java/lang/NoSuchMethodError'{0x00000000d5ee82d8}: 'int java.lang.invoke.Invokers$Holder.invokeExact_MT(java.lang.Object, java.lang.Object)'> (0x00000000d5ee82d8) 
thrown [s\src\hotspot\share\interpreter\linkResolver.cpp, line 773]
Event: 5.094 Thread 0x0000020f8b3fa800 Exception <a 'java/lang/NoSuchMethodError'{0x00000000d6098850}: 'int java.lang.invoke.DirectMethodHandle$Holder.invokeInterface(java.lang.Object, java.lang.Object)'> (0x00000000d6098850) 
thrown [s\src\hotspot\share\interpreter\linkResolver.cpp, line 773]
Event: 5.094 Thread 0x0000020f8b3fa800 Exception <a 'java/lang/IncompatibleClassChangeError'{0x00000000d609bb20}: Found class java.lang.Object, but interface was expected> (0x00000000d609bb20) 
thrown [s\src\hotspot\share\interpreter\linkResolver.cpp, line 840]
Event: 15.261 Thread 0x0000020f8b3fa800 Exception <a 'java/lang/ArrayIndexOutOfBoundsException'{0x00000000d563c648}> (0x00000000d563c648) 
thrown [s\src\hotspot\share\runtime\sharedRuntime.cpp, line 625]
Event: 15.962 Thread 0x0000020f8b3f4590 Exception <a 'java/lang/NoSuchMethodError'{0x00000000d5f4d600}: 'java.lang.Object java.lang.invoke.DirectMethodHandle$Holder.newInvokeSpecial(java.lang.Object, java.lang.Object, java.lang.Object, java.lang.Object, java.lang.Object, java.lang.Object, java.lang.Object, java.lang.Object, java.lang.Object, java.lang.Object)'> (0x00000000d5f4d600) 
thrown [s\src\hotspot\share\interpreter\linkResolver.cpp, line 773]
Event: 16.048 Thread 0x0000020f8b3f4590 Exception <a 'sun/nio/fs/WindowsException'{0x00000000d5ff3698}> (0x00000000d5ff3698) 
thrown [s\src\hotspot\share\prims\jni.cpp, line 520]

ZGC Phase Switch (0 events):
No events

VM Operations (20 events):
Event: 4.585 Executing safepoint VM operation: ParallelGCFailedAllocation (Allocation Failure)
Event: 4.587 Executing safepoint VM operation: ParallelGCFailedAllocation (Allocation Failure) done
Event: 5.117 Executing non-safepoint VM operation: HandshakeAllThreads (Deoptimize)
Event: 5.117 Executing non-safepoint VM operation: HandshakeAllThreads (Deoptimize) done
Event: 5.172 Executing safepoint VM operation: ParallelGCFailedAllocation (Allocation Failure)
Event: 5.174 Executing safepoint VM operation: ParallelGCFailedAllocation (Allocation Failure) done
Event: 5.211 Executing safepoint VM operation: ParallelGCFailedAllocation (Allocation Failure)
Event: 5.212 Executing safepoint VM operation: ParallelGCFailedAllocation (Allocation Failure) done
Event: 5.326 Executing safepoint VM operation: ParallelGCFailedAllocation (Allocation Failure)
Event: 5.327 Executing safepoint VM operation: ParallelGCFailedAllocation (Allocation Failure) done
Event: 7.330 Executing safepoint VM operation: Cleanup
Event: 7.330 Executing safepoint VM operation: Cleanup done
Event: 10.354 Executing safepoint VM operation: Cleanup
Event: 10.354 Executing safepoint VM operation: Cleanup done
Event: 13.375 Executing safepoint VM operation: Cleanup
Event: 13.375 Executing safepoint VM operation: Cleanup done
Event: 15.387 Executing safepoint VM operation: Cleanup
Event: 15.387 Executing safepoint VM operation: Cleanup done
Event: 16.393 Executing safepoint VM operation: Cleanup
Event: 16.393 Executing safepoint VM operation: Cleanup done

Memory protections (0 events):
No events

Nmethod flushes (20 events):
Event: 3.933 Thread 0x0000020f2ca0eb30 flushing  nmethod 0x0000020f2fe68310
Event: 3.933 Thread 0x0000020f2ca0eb30 flushing  nmethod 0x0000020f2fe68990
Event: 3.933 Thread 0x0000020f2ca0eb30 flushing  nmethod 0x0000020f2fe6f510
Event: 3.933 Thread 0x0000020f2ca0eb30 flushing  nmethod 0x0000020f2fe75390
Event: 3.933 Thread 0x0000020f2ca0eb30 flushing  nmethod 0x0000020f2fe89c90
Event: 3.933 Thread 0x0000020f2ca0eb30 flushing  nmethod 0x0000020f2fe95710
Event: 3.933 Thread 0x0000020f2ca0eb30 flushing  nmethod 0x0000020f2fe99210
Event: 3.933 Thread 0x0000020f2ca0eb30 flushing  nmethod 0x0000020f2fe9e790
Event: 3.933 Thread 0x0000020f2ca0eb30 flushing  nmethod 0x0000020f2feac310
Event: 3.933 Thread 0x0000020f2ca0eb30 flushing  nmethod 0x0000020f2ff69610
Event: 3.933 Thread 0x0000020f2ca0eb30 flushing  nmethod 0x0000020f2ff6cd10
Event: 3.933 Thread 0x0000020f2ca0eb30 flushing  nmethod 0x0000020f2ff8da10
Event: 3.933 Thread 0x0000020f2ca0eb30 flushing  nmethod 0x0000020f2ff8e410
Event: 3.933 Thread 0x0000020f2ca0eb30 flushing  nmethod 0x0000020f2ff94c10
Event: 3.933 Thread 0x0000020f2ca0eb30 flushing  nmethod 0x0000020f2ffd7910
Event: 3.933 Thread 0x0000020f2ca0eb30 flushing  nmethod 0x0000020f3000af10
Event: 3.933 Thread 0x0000020f2ca0eb30 flushing  nmethod 0x0000020f3000bc10
Event: 3.933 Thread 0x0000020f2ca0eb30 flushing  nmethod 0x0000020f3000c510
Event: 3.933 Thread 0x0000020f2ca0eb30 flushing  nmethod 0x0000020f3000d310
Event: 3.933 Thread 0x0000020f2ca0eb30 flushing  nmethod 0x0000020f3003cd10

Events (20 events):
Event: 3.233 Thread 0x0000020f2c94b7f0 Thread added: 0x0000020f8b3f3870
Event: 3.389 Thread 0x0000020f8b3f3870 Thread added: 0x0000020f8b3fa170
Event: 3.391 Thread 0x0000020f8b3f3870 Thread added: 0x0000020f8b3f9ae0
Event: 3.984 Thread 0x0000020f8b29eca0 Thread added: 0x0000020f8b3f9450
Event: 4.556 Thread 0x0000020f8b29eca0 Thread added: 0x0000020f8b3f7380
Event: 4.579 Thread 0x0000020f8b3f3870 Thread added: 0x0000020f8b3f8dc0
Event: 4.583 Thread 0x0000020f8b3f3870 Thread added: 0x0000020f8b3fa800
Event: 4.852 Thread 0x0000020f8c6c98d0 Thread exited: 0x0000020f8c6c98d0
Event: 12.678 Thread 0x0000020f86251df0 Thread added: 0x0000020f8d3482d0
Event: 15.124 Thread 0x0000020f8d3482d0 Thread exited: 0x0000020f8d3482d0
Event: 15.878 Thread 0x0000020f8b3f4590 Thread added: 0x0000020f8b3f80a0
Event: 15.900 Thread 0x0000020f8b3f80a0 Thread added: 0x0000020f8b3f8730
Event: 15.918 Thread 0x0000020f8b3f80a0 Thread exited: 0x0000020f8b3f80a0
Event: 15.919 Thread 0x0000020f8b3f8730 Thread exited: 0x0000020f8b3f8730
Event: 15.977 Thread 0x0000020f8b3f4590 Thread added: 0x0000020f8b3f80a0
Event: 15.979 Thread 0x0000020f8b3f80a0 Thread added: 0x0000020f8b3f8730
Event: 15.984 Thread 0x0000020f8b3f80a0 Thread added: 0x0000020f8b728920
Event: 16.025 Thread 0x0000020f8b3f80a0 Thread exited: 0x0000020f8b3f80a0
Event: 16.025 Thread 0x0000020f8b728920 Thread exited: 0x0000020f8b728920
Event: 16.025 Thread 0x0000020f8b3f8730 Thread exited: 0x0000020f8b3f8730


Dynamic libraries:
0x00007ff7580f0000 - 0x00007ff7580fe000 	c:\Users\PcCris\.vscode\extensions\redhat.java-1.54.0-win32-x64\jre\21.0.10-win32-x86_64\bin\java.exe
0x00007ffe19ce0000 - 0x00007ffe19f47000 	C:\Windows\SYSTEM32\ntdll.dll
0x00007ffe18820000 - 0x00007ffe188e9000 	C:\Windows\System32\KERNEL32.DLL
0x00007ffe169c0000 - 0x00007ffe16db7000 	C:\Windows\System32\KERNELBASE.dll
0x00007ffe177a0000 - 0x00007ffe178eb000 	C:\Windows\System32\ucrtbase.dll
0x00007ffe052a0000 - 0x00007ffe052be000 	c:\Users\PcCris\.vscode\extensions\redhat.java-1.54.0-win32-x64\jre\21.0.10-win32-x86_64\bin\VCRUNTIME140.dll
0x00007ffe052c0000 - 0x00007ffe052d8000 	c:\Users\PcCris\.vscode\extensions\redhat.java-1.54.0-win32-x64\jre\21.0.10-win32-x86_64\bin\jli.dll
0x00007ffe188f0000 - 0x00007ffe18ab6000 	C:\Windows\System32\USER32.dll
0x00007ffe176e0000 - 0x00007ffe17707000 	C:\Windows\System32\win32u.dll
0x00007ffe19a30000 - 0x00007ffe19a5b000 	C:\Windows\System32\GDI32.dll
0x00007ffdfde60000 - 0x00007ffdfe0f2000 	C:\Windows\WinSxS\amd64_microsoft.windows.common-controls_6595b64144ccf1df_6.0.26100.8457_none_3e0b2faee331e92d\COMCTL32.dll
0x00007ffe16890000 - 0x00007ffe169bc000 	C:\Windows\System32\gdi32full.dll
0x00007ffe18e30000 - 0x00007ffe18ed9000 	C:\Windows\System32\msvcrt.dll
0x00007ffe17630000 - 0x00007ffe176d3000 	C:\Windows\System32\msvcp_win.dll
0x00007ffe19ae0000 - 0x00007ffe19b12000 	C:\Windows\System32\IMM32.DLL
0x00007ffe13d70000 - 0x00007ffe13d7c000 	c:\Users\PcCris\.vscode\extensions\redhat.java-1.54.0-win32-x64\jre\21.0.10-win32-x86_64\bin\vcruntime140_1.dll
0x00007ffdf6450000 - 0x00007ffdf64dd000 	c:\Users\PcCris\.vscode\extensions\redhat.java-1.54.0-win32-x64\jre\21.0.10-win32-x86_64\bin\msvcp140.dll
0x00007ffda19f0000 - 0x00007ffda2791000 	c:\Users\PcCris\.vscode\extensions\redhat.java-1.54.0-win32-x64\jre\21.0.10-win32-x86_64\bin\server\jvm.dll
0x00007ffe193f0000 - 0x00007ffe194a6000 	C:\Windows\System32\ADVAPI32.dll
0x00007ffe17bd0000 - 0x00007ffe17c77000 	C:\Windows\System32\sechost.dll
0x00007ffe19b30000 - 0x00007ffe19c48000 	C:\Windows\System32\RPCRT4.dll
0x00007ffe19610000 - 0x00007ffe19690000 	C:\Windows\System32\WS2_32.dll
0x00007ffe16570000 - 0x00007ffe165ce000 	C:\Windows\SYSTEM32\POWRPROF.dll
0x00007ffe0d540000 - 0x00007ffe0d576000 	C:\Windows\SYSTEM32\WINMM.dll
0x00007ffe0fc50000 - 0x00007ffe0fc5b000 	C:\Windows\SYSTEM32\VERSION.dll
0x00007ffe16550000 - 0x00007ffe16564000 	C:\Windows\SYSTEM32\UMPDC.dll
0x00007ffe154a0000 - 0x00007ffe154bb000 	C:\Windows\SYSTEM32\kernel.appcore.dll
0x00007ffe11f70000 - 0x00007ffe11f7a000 	c:\Users\PcCris\.vscode\extensions\redhat.java-1.54.0-win32-x64\jre\21.0.10-win32-x86_64\bin\jimage.dll
0x00007ffe0e8b0000 - 0x00007ffe0eaf2000 	C:\Windows\SYSTEM32\DBGHELP.DLL
0x00007ffe196a0000 - 0x00007ffe19a23000 	C:\Windows\System32\combase.dll
0x00007ffe17c80000 - 0x00007ffe17d59000 	C:\Windows\System32\OLEAUT32.dll
0x00007ffde5b80000 - 0x00007ffde5bbb000 	C:\Windows\SYSTEM32\dbgcore.DLL
0x00007ffe178f0000 - 0x00007ffe17998000 	C:\Windows\System32\bcryptPrimitives.dll
0x00007ffe11cc0000 - 0x00007ffe11ccf000 	c:\Users\PcCris\.vscode\extensions\redhat.java-1.54.0-win32-x64\jre\21.0.10-win32-x86_64\bin\instrument.dll
0x00007ffe050d0000 - 0x00007ffe050f0000 	c:\Users\PcCris\.vscode\extensions\redhat.java-1.54.0-win32-x64\jre\21.0.10-win32-x86_64\bin\java.dll
0x00007ffe17e60000 - 0x00007ffe185ce000 	C:\Windows\System32\SHELL32.dll
0x00007ffe16dc0000 - 0x00007ffe1762c000 	C:\Windows\System32\windows.storage.dll
0x00007ffe19510000 - 0x00007ffe19606000 	C:\Windows\System32\SHCORE.dll
0x00007ffe18610000 - 0x00007ffe18676000 	C:\Windows\System32\shlwapi.dll
0x00007ffe16630000 - 0x00007ffe16659000 	C:\Windows\SYSTEM32\profapi.dll
0x00007ffe04b10000 - 0x00007ffe04b28000 	c:\Users\PcCris\.vscode\extensions\redhat.java-1.54.0-win32-x64\jre\21.0.10-win32-x86_64\bin\zip.dll
0x00007ffe11c60000 - 0x00007ffe11c70000 	C:\Users\PcCris\.vscode\extensions\redhat.java-1.54.0-win32-x64\jre\21.0.10-win32-x86_64\bin\net.dll
0x00007ffe0fa80000 - 0x00007ffe0fba9000 	C:\Windows\SYSTEM32\WINHTTP.dll
0x00007ffe15a10000 - 0x00007ffe15a7c000 	C:\Windows\system32\mswsock.dll
0x00007ffe04a30000 - 0x00007ffe04a46000 	C:\Users\PcCris\.vscode\extensions\redhat.java-1.54.0-win32-x64\jre\21.0.10-win32-x86_64\bin\nio.dll
0x00007ffe11a40000 - 0x00007ffe11a50000 	c:\Users\PcCris\.vscode\extensions\redhat.java-1.54.0-win32-x64\jre\21.0.10-win32-x86_64\bin\verify.dll
0x00007ffde5200000 - 0x00007ffde5245000 	C:\Users\PcCris\AppData\Roaming\Code\User\globalStorage\redhat.java\1.54.0\config_ss_win\org.eclipse.equinox.launcher\org.eclipse.equinox.launcher.win32.win32.x86_64_1.3.0.v20260203-2149\eclipse_11919.dll
0x00007ffe18680000 - 0x00007ffe18817000 	C:\Windows\System32\ole32.dll
0x00007ffe15cf0000 - 0x00007ffe15d0b000 	C:\Windows\SYSTEM32\CRYPTSP.dll
0x00007ffe15400000 - 0x00007ffe15439000 	C:\Windows\system32\rsaenh.dll
0x00007ffe15ac0000 - 0x00007ffe15af3000 	C:\Windows\SYSTEM32\USERENV.dll
0x00007ffe16600000 - 0x00007ffe1662a000 	C:\Windows\SYSTEM32\bcrypt.dll
0x00007ffe15d10000 - 0x00007ffe15d1c000 	C:\Windows\SYSTEM32\CRYPTBASE.dll
0x00007ffe14f20000 - 0x00007ffe14f52000 	C:\Windows\SYSTEM32\IPHLPAPI.DLL
0x00007ffe17a60000 - 0x00007ffe17a6a000 	C:\Windows\System32\NSI.dll
0x00007ffde51b0000 - 0x00007ffde51f9000 	C:\Users\PcCris\AppData\Local\Temp\jna--1911097716\jna10611906877240286060.dll
0x00007ffe17a70000 - 0x00007ffe17a78000 	C:\Windows\System32\PSAPI.DLL
0x00007ffe10340000 - 0x00007ffe1035d000 	C:\Windows\SYSTEM32\dhcpcsvc6.DLL
0x00007ffe102a0000 - 0x00007ffe102c5000 	C:\Windows\SYSTEM32\dhcpcsvc.DLL
0x00007ffe155c0000 - 0x00007ffe155f6000 	C:\Windows\SYSTEM32\ntmarta.dll

JVMTI agents:
c:\Users\PcCris\.vscode\extensions\redhat.java-1.54.0-win32-x64\lombok\lombok-1.18.39-4050.jar path:c:\Users\PcCris\.vscode\extensions\redhat.java-1.54.0-win32-x64\jre\21.0.10-win32-x86_64\bin\instrument.dll, loaded, initialized, instrumentlib options:none

dbghelp: loaded successfully - version: 4.0.5 - missing functions: none
symbol engine: initialized successfully - sym options: 0x614 - pdb path: .;c:\Users\PcCris\.vscode\extensions\redhat.java-1.54.0-win32-x64\jre\21.0.10-win32-x86_64\bin;C:\Windows\SYSTEM32;C:\Windows\WinSxS\amd64_microsoft.windows.common-controls_6595b64144ccf1df_6.0.26100.8457_none_3e0b2faee331e92d;c:\Users\PcCris\.vscode\extensions\redhat.java-1.54.0-win32-x64\jre\21.0.10-win32-x86_64\bin\server;C:\Users\PcCris\AppData\Roaming\Code\User\globalStorage\redhat.java\1.54.0\config_ss_win\org.eclipse.equinox.launcher\org.eclipse.equinox.launcher.win32.win32.x86_64_1.3.0.v20260203-2149;C:\Users\PcCris\AppData\Local\Temp\jna--1911097716

VM Arguments:
jvm_args: --add-modules=ALL-SYSTEM --add-opens=java.base/java.util=ALL-UNNAMED --add-opens=java.base/java.lang=ALL-UNNAMED --add-opens=java.base/sun.nio.fs=ALL-UNNAMED -Declipse.application=org.eclipse.jdt.ls.core.id1 -Dosgi.bundles.defaultStartLevel=4 -Declipse.product=org.eclipse.jdt.ls.core.product -Djava.import.generatesMetadataFilesAtProjectRoot=false -DDetectVMInstallationsJob.disabled=true -Dfile.encoding=utf8 -XX:+UseParallelGC -XX:GCTimeRatio=4 -XX:AdaptiveSizePolicyWeight=90 -Dsun.zip.disableMemoryMapping=true -Xmx2G -Xms100m -Xlog:disable -javaagent:c:\Users\PcCris\.vscode\extensions\redhat.java-1.54.0-win32-x64\lombok\lombok-1.18.39-4050.jar 
java_command: c:\Users\PcCris\.vscode\extensions\redhat.java-1.54.0-win32-x64\server\plugins\org.eclipse.equinox.launcher_1.7.100.v20251111-0406.jar -configuration c:\Users\PcCris\AppData\Roaming\Code\User\globalStorage\redhat.java\1.54.0\config_ss_win -data c:\Users\PcCris\AppData\Roaming\Code\User\workspaceStorage\10d2d1e0f4b56eee1d987ae9d15dc0c3\redhat.java\ss_ws --pipe=\\.\pipe\lsp-48d83be3f479d820fc506eef62ccfe26-sock
java_class_path (initial): c:\Users\PcCris\.vscode\extensions\redhat.java-1.54.0-win32-x64\server\plugins\org.eclipse.equinox.launcher_1.7.100.v20251111-0406.jar
Launcher Type: SUN_STANDARD

[Global flags]
    uintx AdaptiveSizePolicyWeight                 = 90                                        {product} {command line}
     intx CICompilerCount                          = 4                                         {product} {ergonomic}
    uintx GCTimeRatio                              = 4                                         {product} {command line}
   size_t InitialHeapSize                          = 104857600                                 {product} {command line}
   size_t MaxHeapSize                              = 2147483648                                {product} {command line}
   size_t MaxNewSize                               = 715653120                                 {product} {ergonomic}
   size_t MinHeapDeltaBytes                        = 524288                                    {product} {ergonomic}
   size_t MinHeapSize                              = 104857600                                 {product} {command line}
   size_t NewSize                                  = 34603008                                  {product} {ergonomic}
    uintx NonNMethodCodeHeapSize                   = 5839372                                {pd product} {ergonomic}
    uintx NonProfiledCodeHeapSize                  = 122909434                              {pd product} {ergonomic}
   size_t OldSize                                  = 70254592                                  {product} {ergonomic}
    uintx ProfiledCodeHeapSize                     = 122909434                              {pd product} {ergonomic}
    uintx ReservedCodeCacheSize                    = 251658240                              {pd product} {ergonomic}
     bool SegmentedCodeCache                       = true                                      {product} {ergonomic}
   size_t SoftMaxHeapSize                          = 2147483648                             {manageable} {ergonomic}
     bool UseCompressedOops                        = true                           {product lp64_product} {ergonomic}
     bool UseLargePagesIndividualAllocation        = false                                  {pd product} {ergonomic}
     bool UseParallelGC                            = true                                      {product} {command line}

Logging:
Log output configuration:
 #0: stdout all=off uptime,level,tags foldmultilines=false
 #1: stderr all=off uptime,level,tags foldmultilines=false

Release file:
JAVA_VERSION="21.0.10" 
MODULES="java.base java.compiler java.datatransfer java.xml java.prefs java.desktop java.instrument java.logging java.management java.security.sasl java.naming java.rmi java.management.rmi java.net.http java.scripting java.security.jgss java.transaction.xa java.sql java.sql.rowset java.xml.crypto java.se java.smartcardio jdk.accessibility jdk.internal.jvmstat jdk.attach jdk.charsets jdk.internal.opt jdk.zipfs jdk.compiler jdk.crypto.ec jdk.crypto.cryptoki jdk.crypto.mscapi jdk.dynalink jdk.internal.ed jdk.editpad jdk.hotspot.agent jdk.httpserver jdk.internal.le jdk.internal.vm.ci jdk.internal.vm.compiler jdk.internal.vm.compiler.management jdk.jartool jdk.javadoc jdk.jcmd jdk.management jdk.management.agent jdk.jconsole jdk.jdeps jdk.jdwp.agent jdk.jdi jdk.jfr jdk.jshell jdk.jsobject jdk.jstatd jdk.localedata jdk.management.jfr jdk.naming.dns jdk.naming.rmi jdk.net jdk.nio.mapmode jdk.random jdk.sctp jdk.security.auth jdk.security.jgss jdk.unsupported jdk.unsupported.desktop jdk.xml.dom" 

Environment Variables:
JAVA_HOME=C:\Users\PcCris\AppData\Local\Programs\Eclipse Adoptium\jdk-25.0.2.10-hotspot\
PATH=C:\app\PcCris\product\21c\dbhomeXE\bin;C:\Windows\system32;C:\Windows;C:\Windows\System32\Wbem;C:\Windows\System32\WindowsPowerShell\v1.0\;C:\Windows\System32\OpenSSH\;C:\Program Files\Git\cmd;C:\Users\PcCris\AppData\Local\Programs\Eclipse Adoptium\jdk-25.0.2.10-hotspot\bin;C:\Users\PcCris\AppData\Local\Microsoft\WindowsApps;C:\Users\PcCris\AppData\Local\Programs\Microsoft VS Code\bin
USERNAME=PcCris
OS=Windows_NT
PROCESSOR_IDENTIFIER=Intel64 Family 6 Model 186 Stepping 2, GenuineIntel
TMP=C:\Users\PcCris\AppData\Local\Temp
TEMP=C:\Users\PcCris\AppData\Local\Temp




Periodic native trim disabled

---------------  S Y S T E M  ---------------

OS:
 Windows 11 , 64 bit Build 26100 (10.0.26100.8328)
OS uptime: 8 days 3:28 hours
Hyper-V role detected

CPU: total 12 (initial active 12) (6 cores per cpu, 2 threads per core) family 6 model 186 stepping 2 microcode 0x4128, cx8, cmov, fxsr, ht, mmx, 3dnowpref, sse, sse2, sse3, ssse3, sse4.1, sse4.2, popcnt, lzcnt, tsc, tscinvbit, avx, avx2, aes, erms, clmul, bmi1, bmi2, adx, sha, fma, vzeroupper, clflush, clflushopt, clwb, hv, serialize, rdtscp, rdpid, fsrm, f16c, cet_ibt, cet_ss
Processor Information for processor 0
  Max Mhz: 2100, Current Mhz: 2100, Mhz Limit: 2100
Processor Information for processor 1
  Max Mhz: 2100, Current Mhz: 2100, Mhz Limit: 2100
Processor Information for processor 2
  Max Mhz: 2100, Current Mhz: 2100, Mhz Limit: 2100
Processor Information for processor 3
  Max Mhz: 2100, Current Mhz: 2100, Mhz Limit: 2100
Processor Information for processor 4
  Max Mhz: 2100, Current Mhz: 2100, Mhz Limit: 2100
Processor Information for processor 5
  Max Mhz: 2100, Current Mhz: 2100, Mhz Limit: 2100
Processor Information for processor 6
  Max Mhz: 2100, Current Mhz: 2100, Mhz Limit: 2100
Processor Information for processor 7
  Max Mhz: 2100, Current Mhz: 1453, Mhz Limit: 2100
Processor Information for processor 8
  Max Mhz: 2100, Current Mhz: 2100, Mhz Limit: 2100
Processor Information for processor 9
  Max Mhz: 2100, Current Mhz: 2100, Mhz Limit: 2100
Processor Information for processor 10
  Max Mhz: 2100, Current Mhz: 2100, Mhz Limit: 2100
Processor Information for processor 11
  Max Mhz: 2100, Current Mhz: 2100, Mhz Limit: 2100

Memory: 4k page, system-wide physical 7852M (315M free)
TotalPageFile size 32428M (AvailPageFile size 151M)
current process WorkingSet (physical memory assigned to process): 176M, peak: 214M
current process commit charge ("private bytes"): 323M, peak: 326M

vm_info: OpenJDK 64-Bit Server VM (21.0.10+7-LTS) for windows-amd64 JRE (21.0.10+7-LTS), built on 2026-01-20T00:00:00Z by "admin" with MS VC++ 17.12 (VS2022)

END.
